#************************************************************
#*                     MadGraph5_aMC@NLO                    *
#*                                                          *
#*                *                       *                 *
#*                  *        * *        *                   *
#*                    * * * * 5 * * * *                     *
#*                  *        * *        *                   *
#*                *                       *                 *
#*                                                          *
#*                                                          *
#*         VERSION 2.9.4                 2021-05-30         *
#*                                                          *
#*    The MadGraph5_aMC@NLO Development Team - Find us at   *
#*    https://server06.fynu.ucl.ac.be/projects/madgraph     *
#*                                                          *
#************************************************************
#*                                                          *
#*               Command File for MadGraph5_aMC@NLO         *
#*                                                          *
#*     run as ./bin/mg5_aMC  filename                       *
#*                                                          *
#************************************************************
set group_subprocesses Auto
set ignore_six_quark_processes False
set low_mem_multicore_nlo_generation False
set complex_mass_scheme False
set gauge unitary
set loop_optimized_output True
set loop_color_flows False
set max_npoint_for_channel 0
set default_unset_couplings 99
set max_t_for_channel 99
set zerowidth_tchannel True
import model sm
define p = g u c d s u~ c~ d~ s~
define j = g u c d s u~ c~ d~ s~
define l+ = e+ mu+
define l- = e- mu-
define vl = ve vm vt
define vl~ = ve~ vm~ vt~
import model dim6top_LO_UFO-ctG-ctu8
Traceback (most recent call last):
  File "/nfs/dust/cms/user/zimermma/madminer/MG5_aMC_v2_9_4/models/import_ufo.py", line 204, in get_path_restrict
    model_path = find_ufo_path(model_name)
  File "/nfs/dust/cms/user/zimermma/madminer/MG5_aMC_v2_9_4/models/import_ufo.py", line 98, in find_ufo_path
    raise UFOImportError("Path %s is not a valid pathname" % model_name)
models.import_ufo.UFOImportError: Path dim6top_LO_UFO-ctG-ctu8 is not a valid pathname

During handling of the above exception, another exception occurred:

Traceback (most recent call last):
  File "/nfs/dust/cms/user/zimermma/madminer/MG5_aMC_v2_9_4/madgraph/interface/extended_cmd.py", line 1541, in onecmd
    return self.onecmd_orig(line, **opt)
  File "/nfs/dust/cms/user/zimermma/madminer/MG5_aMC_v2_9_4/madgraph/interface/extended_cmd.py", line 1490, in onecmd_orig
    return func(arg, **opt)
  File "/nfs/dust/cms/user/zimermma/madminer/MG5_aMC_v2_9_4/madgraph/interface/master_interface.py", line 281, in do_import
    self.cmd.do_import(self, *args, **opts)
  File "/nfs/dust/cms/user/zimermma/madminer/MG5_aMC_v2_9_4/madgraph/interface/madgraph_interface.py", line 5505, in do_import
    complex_mass_scheme=self.options['complex_mass_scheme'])
  File "/nfs/dust/cms/user/zimermma/madminer/MG5_aMC_v2_9_4/models/import_ufo.py", line 247, in import_model
    model_path, restrict_file, restrict_name = get_path_restrict(model_name, restrict)
  File "/nfs/dust/cms/user/zimermma/madminer/MG5_aMC_v2_9_4/models/import_ufo.py", line 213, in get_path_restrict
    model_path = find_ufo_path(model_name)
  File "/nfs/dust/cms/user/zimermma/madminer/MG5_aMC_v2_9_4/models/import_ufo.py", line 98, in find_ufo_path
    raise UFOImportError("Path %s is not a valid pathname" % model_name)
models.import_ufo.UFOImportError: Path dim6top_LO_UFO-ctG is not a valid pathname
                          MadGraph5_aMC@NLO Options    
                          ----------------    
        complex_mass_scheme 	:	False
    default_unset_couplings 	:	99
                      gauge 	:	unitary
         group_subprocesses 	:	Auto
  ignore_six_quark_processes 	:	False
           loop_color_flows 	:	False
      loop_optimized_output 	:	True
  low_mem_multicore_nlo_generation 	:	False
     max_npoint_for_channel 	:	0
          max_t_for_channel 	:	99
               stdout_level 	:	20 (user set)
         zerowidth_tchannel 	:	True

                         MadEvent Options    
                          ----------------    
     automatic_html_opening 	:	True
                    nb_core 	:	None
        notification_center 	:	True
                   run_mode 	:	2

                      Configuration Options    
                      ---------------------    
                        OLP 	:	MadLoop
                    amcfast 	:	amcfast-config
                   applgrid 	:	applgrid-config
         auto_convert_model 	:	False
                auto_update 	:	7
         cluster_local_path 	:	None
           cluster_nb_retry 	:	1
              cluster_queue 	:	None (user set)
         cluster_retry_wait 	:	300
               cluster_size 	:	100
      cluster_status_update 	:	(600, 30)
          cluster_temp_path 	:	None
               cluster_type 	:	condor
                    collier 	:	./HEPTools/lib
               cpp_compiler 	:	None
             crash_on_error 	:	False
               delphes_path 	:	./Delphes
                 eps_viewer 	:	None
        exrootanalysis_path 	:	./ExRootAnalysis
              f2py_compiler 	:	None
          f2py_compiler_py2 	:	None
          f2py_compiler_py3 	:	None
                    fastjet 	:	None (user set)
           fortran_compiler 	:	None
                      golem 	:	None (user set)
                 hepmc_path 	:	None (user set)
                  hwpp_path 	:	None (user set)
                     lhapdf 	:	lhapdf-config
                 lhapdf_py2 	:	None
                 lhapdf_py3 	:	None
          madanalysis5_path 	:	None (user set)
           madanalysis_path 	:	./MadAnalysis
  mg5amc_py8_interface_path 	:	None (user set)
                      ninja 	:	./HEPTools/lib
        output_dependencies 	:	external
            pythia-pgs_path 	:	./pythia-pgs
               pythia8_path 	:	None (user set)
                    samurai 	:	None
               syscalc_path 	:	./SysCalc
                    td_path 	:	./td
                text_editor 	:	None
                thepeg_path 	:	None (user set)
                    timeout 	:	60
                web_browser 	:	None
